
  **** **** ******  **  PROGRAM STARTED AT              Thu May 16 10:17:24 2002
 ***** ** ***  *** **   PROGRAM STARTED ON                       muralto.cscs.ch
 **    ****   ******    PROGRAM STARTED BY                                 fawzi
 ***** **    ** ** **   PROGRAM PROCESS ID                                 27562
  **** **  *******  **  PROGRAM STARTED IN             /home/fawzi/cp2k/tests/QS

 CP2K| Program name                                                           QS
 CP2K| Input file name                          /home/fawzi/cp2k/tests/QS/Ar.inp
 CP2K| Project name                                                      project
 CP2K| Default FFT library                                                 FFTSG
 CP2K| Default basis set file                                          BASIS_SET
 CP2K| Default external potential file                                 POTENTIAL
 CP2K| Default library path                                                   ./
 CP2K| Global print level                                                     10
 CP2K| Total number of processors                                              1
 CP2K| This output from processor                                              0

 ******************************************************************************
 ******************************************************************************
 **                                                                          **
 **     #####                         ##              ##                     **
 **    ##   ##            ##          ##              ##                     **
 **   ##     ##                       ##            ######                   **
 **   ##     ##  ##   ##  ##   #####  ##  ##   ####   ##    #####    #####   **
 **   ##     ##  ##   ##  ##  ##      ## ##   ##      ##   ##   ##  ##   ##  **
 **   ##  ## ##  ##   ##  ##  ##      ####     ###    ##   ######   ######   **
 **    ##  ###   ##   ##  ##  ##      ## ##      ##   ##   ##       ##       **
 **     #######   #####   ##   #####  ##  ##  ####    ##    #####   ##       **
 **           ##                                                    ##       **
 **                                                                          **
 **                                                ... make the atoms dance  **
 **                                                                          **
 **                         Version 3.0 (June 2001)                          **
 **                                                                          **
 **     Copyright (C) by MPI fuer Festkoerperforschung, Stuttgart (2000)     **
 **                                                                          **
 ******************************************************************************
 ******************************************************************************

 DFT| Exchange-correlation functional                                      Pade
 DFT| Sets of spin states:                                                    1
 DFT| Cutoffs: density                                              0.10000E-09
 DFT|          gradient                                             0.10000E-07
 DFT| XC mesh (PW density)                                              default

 QS| Method:                                                                GPW
 QS| Number of grid levels:                                                   4
 QS| Density cutoff [a.u.]: 1) grid level                                 150.0
 QS|                        2) grid level                                  75.0
 QS|                        3) grid level                                  37.5
 QS|                        4) grid level                                  18.8
 QS| Grid level progression factor:                                         2.0
 QS| Relative density cutoff [a.u.]:                                       30.0
 QS| Interaction thresholds: eps_pgf_orb:                               1.0E-12
 QS|                         eps_core_charge:                           1.0E-12
 QS|                         eps_rho_gspace:                            1.0E-08
 QS|                         eps_rho_rspace:                            1.0E-08
 QS|                         eps_gvg_rspace:                            1.0E-06
 QS|                         eps_ppl:                                   1.0E-12
 QS|                         eps_ppnl:                                  1.0E-12

 CELL| Volume [ANGSTROM**3]:                                           1728.000
 CELL| Vector a [ANGSTROM]:      12.000     0.000     0.000    |a| =     12.000
 CELL| Vector b [ANGSTROM]:       0.000    12.000     0.000    |b| =     12.000
 CELL| Vector c [ANGSTROM]:       0.000     0.000    12.000    |c| =     12.000
 CELL| Angle (b,c) [degree]:                                             90.000
 CELL| Angle (a,c) [degree]:                                             90.000
 CELL| Angle (a,b) [degree]:                                             90.000
 CELL| Grid size for subcell generation                                       2


 BASIS SET INFORMATION (Unnormalised Gaussian-type functions)

  1. Atomic kind: Ar

   - GTO basis set information

     GTO basis set name: DZVP-GTH-PADE

     Set   Shell     n   l            Exponent    Coefficient

       1       1     3   0            2.643629       0.373762
                                      1.694896      -0.099656
                                      0.523111      -0.831520
                                      0.166331      -0.333993
       1       2     4   0            2.643629       0.000000
                                      1.694896       0.000000
                                      0.523111       0.000000
                                      0.166331       1.000000
       1       3     4   1            2.643629       0.173520
                                      1.694896      -0.310093
                                      0.523111      -0.580756
                                      0.166331      -0.387933
       1       4     5   1            2.643629       0.000000
                                      1.694896       0.000000
                                      0.523111       0.000000
                                      0.166331       1.000000

       2       1     3   2            0.850000       1.000000


 ATOMIC KIND INFORMATION

  1. Atomic kind: Ar

     Number of atoms of this atomic kind in the cell:      1

   - Orbital basis set information

     Orbital basis set name: DZVP-GTH-PADE

     Number of orbital shell sets:                 2
     Number of orbital shells:                     5
     Number of primitive Cartesian functions:      5
     Number of Cartesian basis functions:         14
     Number of spherical basis functions:         13

     Normalised Cartesian orbitals

     Set   Shell   Orbital            Exponent    Coefficient

       1       1    3s                2.643629       0.552275
                                      1.694896      -0.105505
                                      0.523111      -0.364525
                                      0.166331      -0.061998

       1       2    4s                2.643629       0.000000
                                      1.694896       0.000000
                                      0.523111       0.000000
                                      0.166331       0.185626

       1       3    4px               2.643629       0.833759
                                      1.694896      -0.854793
                                      0.523111      -0.368278
                                      0.166331      -0.058737
       1       3    4py               2.643629       0.833759
                                      1.694896      -0.854793
                                      0.523111      -0.368278
                                      0.166331      -0.058737
       1       3    4pz               2.643629       0.833759
                                      1.694896      -0.854793
                                      0.523111      -0.368278
                                      0.166331      -0.058737

       1       4    5px               2.643629       0.000000
                                      1.694896       0.000000
                                      0.523111       0.000000
                                      0.166331       0.151410
       1       4    5py               2.643629       0.000000
                                      1.694896       0.000000
                                      0.523111       0.000000
                                      0.166331       0.151410
       1       4    5pz               2.643629       0.000000
                                      1.694896       0.000000
                                      0.523111       0.000000
                                      0.166331       0.151410

       2       1    3dx2              0.850000       1.238490
       2       1    3dxy              0.850000       2.145128
       2       1    3dxz              0.850000       2.145128
       2       1    3dy2              0.850000       1.238490
       2       1    3dyz              0.850000       2.145128
       2       1    3dz2              0.850000       1.238490


 TOTAL NUMBERS AND MAXIMUM NUMBERS

  Total number of

  - Atomic kinds:                       1
  - Atoms:                              1
  - Shell sets:                         2
  - Shells:                             5
  - Primitive Cartesian functions:      5
  - Cartesian basis functions:         14
  - Spherical basis functions:         13

  Maximum angular momentum quantum number of the

  - Orbital basis functions:                        2
  - Local part of the GTH pseudopotential:          0
  - Non-local part of the GTH pseudopotential:      2


 ATOMIC COORDINATES IN ANGSTROM

  Atom  Kind  Element       X           Y           Z       Z(eff)    Mass

     1    1   Ar   18    0.000000    0.000000    0.000000      8    39.9480


 RADII OF THE ORBITAL BASIS IN ANGSTROM

  Kind   Label       Radius

     1   Ar         6.903966


 RADII OF THE CORE CHARGE DISTRIBUTIONS IN ANGSTROM

  Kind   Label       Radius

     1   Ar         1.631446


 RADII OF THE LOCAL PART OF THE GTH PSEUDOPOTENTIAL IN ANGSTROM

  Kind   Label       Radius

     1   Ar         1.631446


 SCF PARAMETERS

  Density guess: ATOMIC

  charge:                0
  nrebuild:              1
  max_scf:              30
  max_diis:              4
  eps_scf:            1.00E-06
  eps_diis:           1.00E-01
  eps_eigval:         1.00E-05
  p_mix:              0.40
  work_syevx:         1.00
  level_shift [a.u.]: 0.00
  smear [a.u.]:       0.00


 SUBCELL GRID FOR THE SAB_ORB NEIGHBOR LISTS

  Atomic kind pair          Grid size                Subcell size in ANGSTROM
         1       1        1    1    1         12.000000   12.000000   12.000000


 SUBCELL GRID FOR THE SAC_PPL NEIGHBOR LISTS

  Atomic kind pair          Grid size                Subcell size in ANGSTROM
         1       1        1    1    1         12.000000   12.000000   12.000000


 SUBCELL GRID FOR THE SCA_PPNL NEIGHBOR LISTS

  Atomic kind pair          Grid size                Subcell size in ANGSTROM
         1       1        1    1    1         12.000000   12.000000   12.000000


 DISTRIBUTION OF THE OVERLAP MATRIX ELEMENTS

  Image atoms included:

    PE   Matrix blocks   Matrix elements

     0               7              1183

   Sum               7              1183


  Image atoms not included:

    PE   Matrix blocks   Matrix elements

     0               1               169

   Sum               1               169

    of               1 blocks in the full matrix (100.0 % occupation)

 PW_GRID: Information for grid number                                          1
 PW_GRID:                         spherical cutoff                    150.0 a.u.
 PW_GRID: Grid points within cutoff                                       511759
 PW_GRID:   Bounds   1            -62      62                Points:         125
 PW_GRID:   Bounds   2            -62      62                Points:         125
 PW_GRID:   Bounds   3            -62      62                Points:         125
 PW_GRID: Volume element (a.u.^3)  0.5970E-02     Volume (a.u.^3)     11661.1189
 PW_GRID: Grid span                                                    HALFSPACE



 PW_GRID: Information for grid number                                          2
 PW_GRID:                         spherical cutoff                     75.0 a.u.
 PW_GRID: Grid points within cutoff                                       180935
 PW_GRID:   Bounds   1            -45      44                Points:          90
 PW_GRID:   Bounds   2            -45      44                Points:          90
 PW_GRID:   Bounds   3            -45      44                Points:          90
 PW_GRID: Volume element (a.u.^3)  0.1600E-01     Volume (a.u.^3)     11661.1189
 PW_GRID: Grid span                                                    HALFSPACE



 PW_GRID: Information for grid number                                          3
 PW_GRID:                         spherical cutoff                     37.5 a.u.
 PW_GRID: Grid points within cutoff                                        63838
 PW_GRID:   Bounds   1            -32      31                Points:          64
 PW_GRID:   Bounds   2            -32      31                Points:          64
 PW_GRID:   Bounds   3            -32      31                Points:          64
 PW_GRID: Volume element (a.u.^3)  0.4448E-01     Volume (a.u.^3)     11661.1189
 PW_GRID: Grid span                                                    HALFSPACE



 PW_GRID: Information for grid number                                          4
 PW_GRID:                         spherical cutoff                     18.8 a.u.
 PW_GRID: Grid points within cutoff                                        22573
 PW_GRID:   Bounds   1            -22      22                Points:          45
 PW_GRID:   Bounds   2            -22      22                Points:          45
 PW_GRID:   Bounds   3            -22      22                Points:          45
 PW_GRID: Volume element (a.u.^3)  0.1280         Volume (a.u.^3)     11661.1189
 PW_GRID: Grid span                                                    HALFSPACE




 SCF WAVEFUNCTION OPTIMIZATION


 SUBCELL GRID FOR THE CALCULATION OF THE CORE CHARGE OVERLAP

  Atomic kind pair          Grid size                Subcell size in ANGSTROM
         1       1        4    4    4          3.000000    3.000000    3.000000

  Overlap energy of the core charge distribution:                  0.0000000000
  Self energy of the core charge distribution:                   -45.1351666838

  Number of electrons:                             8
  Number of occupied orbitals:                     4
  Number of orbital functions:                    13
  Number of independent orbital functions:        13

  Step  Update method            Time           Convergence        Total energy
  -----------------------------------------------------------------------------

  Core Hamiltonian energy:                                        10.5602658593
  Hartree energy:                                                 17.0795472553
  Exchange-correlation energy:                                    -3.5547349467
     1  Mixing  0.40             7.80          0.0000136863      -21.0500885159

  Core Hamiltonian energy:                                        10.5602635468
  Hartree energy:                                                 17.0795491341
  Exchange-correlation energy:                                    -3.5547345130
     2  Mixing  0.40             7.81          0.0000076931      -21.0500885159

  Core Hamiltonian energy:                                        10.5602629481
  Hartree energy:                                                 17.0795496304
  Exchange-correlation energy:                                    -3.5547343761
     3  DIIS    0.78E-07         7.74          0.0000045389      -21.0500884814

  Core Hamiltonian energy:                                        10.5602623486
  Hartree energy:                                                 17.0795500817
  Exchange-correlation energy:                                    -3.5547342548
     4  DIIS    0.11E-06         8.06          0.0000001225      -21.0500885083

  *** SCF run converged ***


  Total electronic density (r-space):         -7.9999996752        0.0000003248
  Total core charge density (r-space):         7.9999999989       -0.0000000011
  Total charge density (r-space):                                  0.0000003237
  Total charge density (g-space):                                  0.0000003237

  Overlap energy of the core charge distribution:                  0.0000000000
  Self energy of the core charge distribution:                   -45.1351666838
  Core Hamiltonian energy:                                        10.5602623486
  Hartree energy:                                                 17.0795500817
  Exchange-correlation energy:                                    -3.5547342548
  Total energy:                                                  -21.0500885083


 MO EIGENVALUES AND MO OCCUPATION NUMBERS

                                1            2            3            4
                            -0.884349    -0.374625    -0.374625    -0.374625

                             2.000000     2.000000     2.000000     2.000000


                                5            6            7            8
                             0.447941     0.447941     0.447941     0.674810

                             0.000000     0.000000     0.000000     0.000000


                                9           10           11           12
                             0.813877     0.813877     0.813877     0.813877

                             0.000000     0.000000     0.000000     0.000000


                               13
                             0.813877

                             0.000000




  ---------------------------------
  --        MULTIGRID INFO       --
  ---------------------------------
  total gridlevel count  :      192
  count for grid       1:       68
  count for grid       2:       40
  count for grid       3:       28
  count for grid       4:       56

 -------------------------------------------------------------------------------
 -                                                                             -
 -                                T I M I N G                                  -
 -                                                                             -
 -------------------------------------------------------------------------------
 SUBROUTINE                        CALLS  CPU TIME T  PERFORMANCE   ELAPSED TIME
 CP2K                                  1     34.58 I       ---            39.37
 Quickstep                             1     34.58 I       ---            39.37
 scf                                   1     34.55 I       ---            39.33
 build_kohn_sham_matrix                4     31.41 I       ---            36.12
 fft_wrap_pw1pw2                      44     24.77 I       ---            28.42
 calculate_rho_elec                    4     12.13 I       ---            14.08
 integrate_v_rspace                    4      7.42 I       ---             8.49
 init_grid                             1      2.90 I       ---             2.95
 calculate_xc_potential                4      2.03 I       ---             2.22
 PW_GATHER                            24      1.65 I   4.4 Mcopy           1.69
 PW_SCATTER                           20      1.63 I   3.2 Mcopy           2.03
 PW_COPY                              36      1.13 I  18.9 Mcopy           1.48
 PW_ZERO                              20      0.57 I  35.0 Mzero           0.64
 HARTREE                               4      0.52 I       ---             0.69
 PW_ADD                               12      0.35 I  17.5 Mflops          0.51
 init_cube_info                        4      0.24 I       ---             0.24
 calculate_rho_core                    4      0.13 I       ---             0.13
 -------------------------------------------------------------------------------


  **** **** ******  **  PROGRAM ENDED AT                Thu May 16 10:18:16 2002
 ***** ** ***  *** **   PROGRAM RAN ON                           muralto.cscs.ch
 **    ****   ******    PROGRAM RAN BY                                     fawzi
 ***** **    ** ** **   PROGRAM PROCESS ID                                 27562
  **** **  *******  **  PROGRAM RAN IN                 /home/fawzi/cp2k/tests/QS
