 
  **** **** ******  **  PROGRAM STARTED AT              Tue Apr 16 18:14:06 2002
 ***** ** ***  *** **   PROGRAM STARTED ON                                lilith
 **    ****   ******    PROGRAM STARTED BY                                 krack
 ***** **    ** ** **   PROGRAM PROCESS ID                                 77282
  **** **  *******  **  PROGRAM STARTED IN   /gpfs/home/krack/work/cp2k/tests/QS
 
 CP2K| Program name                                                           QS
 CP2K| Input file name                                                H2O-32.inp
 CP2K| Project name                                                      project
 CP2K| Default FFT library                                               FFTESSL
 CP2K| Default basis set file                                          BASIS_SET
 CP2K| Default external potential file                                 POTENTIAL
 CP2K| Default library path                                                   ./
 CP2K| Global print level                                                     10
 CP2K| Total number of processors                                              1
 CP2K| This output from processor                                              0
 
 ******************************************************************************
 ******************************************************************************
 **                                                                          **
 **     #####                         ##              ##                     **
 **    ##   ##            ##          ##              ##                     **
 **   ##     ##                       ##            ######                   **
 **   ##     ##  ##   ##  ##   #####  ##  ##   ####   ##    #####    #####   **
 **   ##     ##  ##   ##  ##  ##      ## ##   ##      ##   ##   ##  ##   ##  **
 **   ##  ## ##  ##   ##  ##  ##      ####     ###    ##   ######   ######   **
 **    ##  ###   ##   ##  ##  ##      ## ##      ##   ##   ##       ##       **
 **     #######   #####   ##   #####  ##  ##  ####    ##    #####   ##       **
 **           ##                                                    ##       **
 **                                                                          **
 **                                                ... make the atoms dance  **
 **                                                                          **
 **                         Version 3.0 (June 2001)                          **
 **                                                                          **
 **     Copyright (C) by MPI fuer Festkoerperforschung, Stuttgart (2000)     **
 **                                                                          **
 ******************************************************************************
 ******************************************************************************

 DFT| Exchange-correlation functional                                      Pade
 DFT| Sets of spin states:                                                    1
 DFT| Cutoffs: density                                              0.10000E-09
 DFT|          gradient                                             0.10000E-07
 DFT| XC mesh (PW density)                                              default

 QS| Method:                                                                GPW
 QS| Number of grid levels:                                                   4
 QS| Density cutoff [a.u.]: 1) grid level                                 100.0
 QS|                        2) grid level                                  50.0
 QS|                        3) grid level                                  25.0
 QS|                        4) grid level                                  12.5
 QS| Grid level progression factor:                                         2.0
 QS| Relative density cutoff [a.u.]:                                       20.0
 QS| Interaction thresholds: eps_pgf_orb:                               1.0E-06
 QS|                         eps_core_charge:                           1.0E-12
 QS|                         eps_rho_gspace:                            1.0E-08
 QS|                         eps_rho_rspace:                            1.0E-08
 QS|                         eps_gvg_rspace:                            1.0E-06
 QS|                         eps_ppl:                                   1.0E-12
 QS|                         eps_ppnl:                                  1.0E-12

 CELL| Volume [ANGSTROM**3]:                                            960.044
 CELL| Vector a [ANGSTROM]:       9.865     0.000     0.000    |a| =      9.865
 CELL| Vector b [ANGSTROM]:       0.000     9.865     0.000    |b| =      9.865
 CELL| Vector c [ANGSTROM]:       0.000     0.000     9.865    |c| =      9.865
 CELL| Angle (b,c) [degree]:                                             90.000
 CELL| Angle (a,c) [degree]:                                             90.000
 CELL| Angle (a,b) [degree]:                                             90.000
 CELL| Grid size for subcell generation                                       2


 TOTAL NUMBERS AND MAXIMUM NUMBERS

  Total number of

  - Atomic kinds:                       2
  - Atoms:                             96
  - Shell sets:                       128
  - Shells:                           288
  - Primitive Cartesian functions:    416
  - Cartesian basis functions:        576
  - Spherical basis functions:        544

  Maximum angular momentum quantum number of the

  - Orbital basis functions:                        2
  - Local part of the GTH pseudopotential:          2
  - Non-local part of the GTH pseudopotential:      0


 SCF PARAMETERS

  density guess: ATOMIC
  max_scf:         50
  nrebuild:         5
  eps_scf:       1.00E-05
  eps_eigval:    1.00E-05
  p_mix:         0.40
  work_syevx:    1.00
  max_diis:         4
  eps_diis:      1.00E-01


 SCF WAVEFUNCTION OPTIMIZATION

  Number of electrons:                           256
  Number of occupied orbitals:                   128
  Number of orbital functions:                   544
  Number of independent orbital functions:       544

  Step  Update method            Time           Convergence        Total energy
  -----------------------------------------------------------------------------
     1  Mixing  0.40             5.52          1.1857133817     -546.5545129749
     2  Mixing  0.40             6.64          0.7021771512     -547.9669338095
     3  Mixing  0.40             6.32          0.4170883403     -548.8230240563
     4  Mixing  0.40             6.28          0.2474840052     -549.3303539651
     5  Mixing  0.40             6.22          0.1470708780     -549.6326393967
     6  Mixing  0.40             7.14          0.0875049388     -549.8132431194
     7  DIIS    0.56E-03         6.05          0.0516265959     -549.9214682193
     8  DIIS    0.13E-03         6.14          0.0003631212     -550.0835476407
     9  DIIS    0.15E-03         5.47          0.0001787105     -550.0835558454
    10  DIIS    0.94E-04         5.37          0.0000669501     -550.0835506630
    11  DIIS    0.16E-04         7.17          0.0000168032     -550.0835070381
    12  DIIS    0.57E-05         5.04          0.0000074744     -550.0835268920

  *** SCF run converged ***


  Total electronic density (r-space):       -256.0001103099       -0.0001103099
  Total core charge density (r-space):       256.0000002478        0.0000002478
  Total charge density (r-space):                                 -0.0001100621
  Total charge density (g-space):                                 -0.0001100621

  Overlap energy of the core charge distribution:                  0.0000009339
  Self energy of the core charge distribution:                 -1402.6524974693
  Core Hamiltonian energy:                                       410.7498429848
  Hartree energy:                                                574.1646751868
  Exchange-correlation energy:                                  -132.3455485282
  Total energy:                                                 -550.0835268920

 -------------------------------------------------------------------------------
 -                                                                             -
 -                                T I M I N G                                  -
 -                                                                             -
 -------------------------------------------------------------------------------
 SUBROUTINE                        CALLS  CPU TIME T  PERFORMANCE   ELAPSED TIME
 CP2K                                  1     79.78 I       ---            80.48
 Quickstep                             1     79.78 I       ---            80.48
 scf                                   1     77.49 I       ---            78.15
 build_kohn_sham_matrix               12     53.87 I       ---            54.28
 integrate_v_rspace                   12     22.52 I       ---            22.60
 calculate_rho_elec                   12     21.04 I       ---            21.30
 fft_wrap_pw1pw2                     132     11.73 I       ---            11.94
 blacs_syevx                          13      9.86 I       ---             9.87
 eigensolver                          12      8.78 I       ---             8.79
 orthogonalise_matrix                 12      6.23 I       ---             6.23
 blacs_symm                           46      5.25 I       ---             5.25
 blacs_gemm                           34      4.49 I       ---             4.49
 scf_diis                             11      3.81 I       ---             3.87
 calculate_xc_potential               12      3.56 I       ---             3.56
 PW_SCATTER                           60      2.14 I   2.2 Mcopy           2.14
 init_scf_run                          1      2.13 I       ---             2.21
 build_core_hamiltonian                1      2.08 I       ---             2.09
 calculate_ortho_matrix                1      2.02 I       ---             2.03
 power_blacs_matrix                    1      1.97 I       ---             1.98
 init_grid                             1      1.32 I       ---             1.40
 PW_COPY                             144      1.03 I  26.7 Mcopy           1.08
 PW_GATHER                            72      0.92 I   7.1 Mcopy           0.95
 blacs_syrk                           13      0.55 I       ---             0.55
 add_vppnl                             1      0.54 I       ---             0.54
 HARTREE                              12      0.44 I       ---             0.46
 copy_sparse_to_blacs_matrix          26      0.41 I       ---             0.41
 calculate_density_matrix             12      0.40 I       ---             0.40
 calculate_rho_core                   12      0.39 I       ---             0.39
 init_cube_info                        4      0.37 I       ---             0.39
 blacs_trace                          37      0.34 I       ---             0.34
 PW_ZERO                              24      0.30 I  32.8 Mzero           0.35
 density_mixing                       12      0.27 I       ---             0.27
 calculate_ecore                      12      0.21 I       ---             0.21
 -------------------------------------------------------------------------------


  **** **** ******  **  PROGRAM ENDED AT                Tue Apr 16 18:15:44 2002
 ***** ** ***  *** **   PROGRAM RAN ON                                    lilith
 **    ****   ******    PROGRAM RAN BY                                     krack
 ***** **    ** ** **   PROGRAM PROCESS ID                                 77282
  **** **  *******  **  PROGRAM RAN IN       /gpfs/home/krack/work/cp2k/tests/QS
