 fawzi@mars1-fe has created process number                                 38092

 IO| Input file name                                                     H2O.inp
 IO| Output file name                                                   (stdout)
 IO| Error file name                                                    (stdout)
 IO| Library path                                                             ./
 IO| Basis set file name                                               BASIS_SET
 IO| Potential file name                                               POTENTIAL
 IO| Restart file name                                                   RESTART

  **** **** ******  **  PROGRAM STARTED AT              Mon Jun 16 20:33:54 2003
 ***** ** ***  *** **   PROGRAM STARTED ON                              mars1-fe
 **    ****   ******    PROGRAM STARTED BY                                 fawzi
 ***** **    ** ** **   PROGRAM PROCESS ID                                 38092
  **** **  *******  **  PROGRAM STARTED IN 
                                        /gpfs/home/users.SP4/fawzi/cp2k/tests/QS

 CP2K| Program compiled at                          Mon Jun 16 11:28:09 DFT 2003
 CP2K| Program compiled on                                              mars1-fe
 CP2K| Program compiled for                                   AIX-PowerPC_POWER4
 CP2K| Program name                                                           QS
 CP2K| Project name                                              (not specified)
 CP2K| Default FFT library                                                 FFTSG
 CP2K| Run type                                        WAVEFUNCTION OPTIMIZATION
 CP2K| Global print level                                                     10
 CP2K| Total number of message passing processes                               1
 CP2K| Number of threads for this process                                      1
 CP2K| This output is from process                                             0


 *******************************************************************************
 *******************************************************************************
 **                                                                           **
 **     #####                         ##              ##                      **
 **    ##   ##            ##          ##              ##                      **
 **   ##     ##                       ##            ######                    **
 **   ##     ##  ##   ##  ##   #####  ##  ##   ####   ##    #####    #####    **
 **   ##     ##  ##   ##  ##  ##      ## ##   ##      ##   ##   ##  ##   ##   **
 **   ##  ## ##  ##   ##  ##  ##      ####     ###    ##   ######   ######    **
 **    ##  ###   ##   ##  ##  ##      ## ##      ##   ##   ##       ##        **
 **     #######   #####   ##   #####  ##  ##  ####    ##    #####   ##        **
 **           ##                                                    ##        **
 **                                                                           **
 **                                                ... make the atoms dance   **
 **                                                                           **
 **            Copyright (C) by CP2K Developers Group (2000 - 2003)           **
 **                                                                           **
 *******************************************************************************
 ** G. Lippert, J. Hutter, and M. Parrinello                                  **
 ** A hybrid Gaussian and plane wave density functional scheme                **
 ** Molecular Physics, Vol. 92, Issue 3, 477-487 (1997)                       **
 *******************************************************************************

 DFT| Force calculation                                                       NO
 DFT| Cutoffs: density                                               0.10000E-09
 DFT|          gradient                                              0.10000E-07
 DFT| XC density smoothing                                                  NONE
 DFT| XC derivatives                                                          PW
 DFT| XC mesh (PW density)                                               default
 FUNCTIONAL| Exchange Functional                                            NONE
 FUNCTIONAL| Correlation Functional                                         PADE
              S. Goedecker, M. Teter and J. Hutter, Phys. Rev. B 54, 1703 (1996)

 QS| Method:                                                                 GPW
 QS| Density plane wave grid type                        NON-SPHERICAL FULLSPACE
 QS| Number of grid levels:                                                    4
 QS| Density cutoff [a.u.]:                                                100.0
 QS| Multi grid cutoff [a.u.]: 1) grid level                               100.0
 QS|                           2) grid level                                33.3
 QS|                           3) grid level                                11.1
 QS|                           4) grid level                                 3.7
 QS| Grid level progression factor:                                          3.0
 QS| Relative density cutoff [a.u.]:                                        15.0
 QS| Interaction thresholds: eps_pgf_orb:                                1.0E-05
 QS|                         eps_core_charge:                            1.0E-12
 QS|                         eps_rho_gspace:                             1.0E-10
 QS|                         eps_rho_rspace:                             1.0E-10
 QS|                         eps_gvg_rspace:                             1.0E-05
 QS|                         eps_ppl:                                    1.0E-12
 QS|                         eps_ppnl:                                   1.0E-12

 CELL| Volume [ANGSTROM**3]:                                            1000.000
 CELL| Vector a [ANGSTROM]:      10.000     0.000     0.000    |a| =      10.000
 CELL| Vector b [ANGSTROM]:       0.000    10.000     0.000    |b| =      10.000
 CELL| Vector c [ANGSTROM]:       0.000     0.000    10.000    |c| =      10.000
 CELL| Angle (b,c) [degree]:                                              90.000
 CELL| Angle (a,c) [degree]:                                              90.000
 CELL| Angle (a,b) [degree]:                                              90.000
 CELL| Grid size for subcell generation                                    2.000


 TOTAL NUMBERS AND MAXIMUM NUMBERS

  Total number of

  - Atomic kinds:                       2
  - Atoms:                              3
  - Shell sets:                         4
  - Shells:                             9
  - Primitive Cartesian functions:     13
  - Cartesian basis functions:         18
  - Spherical basis functions:         17

  Maximum angular momentum quantum number of the

  - Orbital basis functions:                        2
  - Local part of the GTH pseudopotential:          2
  - Non-local part of the GTH pseudopotential:      0


 ATOMIC COORDINATES IN ANGSTROM

  Atom  Kind  Element       X           Y           Z       Z(eff)    Mass

     1    1   H     1    0.000000   -0.757136    0.520545      1     1.0080
     2    2   O     8    0.000000    0.000000   -0.065587      6    15.9994
     3    1   H     1    0.000000    0.757136    0.520545      1     1.0080


 SCF PARAMETERS

  Density guess: ATOMIC

  nrebuild:              1
  max_scf:              50
  max_diis:              4
  eps_scf:            1.00E-05
  eps_diis:           1.00E-01
  eps_eigval:         1.00E-05
  eps_jacobi:         0.00E+00
  jacobi_threshold:   1.00E-07
  p_mix:              0.40
  work_syevx:         1.00
  level_shift [a.u.]: 0.00
  smear [a.u.]:       0.00


 SCF WAVEFUNCTION OPTIMIZATION

 For spin  1

  Number of electrons:                             8
  Number of occupied orbitals:                     4

  Number of orbital functions:                    17
  extrapolation method:initial_guess                 

  Step  Update method              Time         Convergence        Total energy
  -----------------------------------------------------------------------------
     1  Mixing/Diag.   0.40E+00    0.95        0.9665358807      -17.0097662880
     2  Mixing/Diag.   0.40E+00    1.34        0.5761512162      -17.0685845015
     3  Mixing/Diag.   0.40E+00    1.28        0.3482308369      -17.1036935287
     4  Mixing/Diag.   0.40E+00    1.21        0.2082737144      -17.1241897076
     5  Mixing/Diag.   0.40E+00    1.38        0.1247012389      -17.1363008469
     6  Mixing/Diag.   0.40E+00    1.40        0.0746230064      -17.1435077256
     7  DIIS/Diag.     0.84E-03    1.40        0.0444890397      -17.1478123887
     8  DIIS/Diag.     0.14E-04    1.42        0.0000540469      -17.1542450964
     9  DIIS/Diag.     0.67E-05    1.41        0.0000087661      -17.1542450969

  *** SCF run converged ***


  Total electronic density (r-space):         -7.9999989216        0.0000010784
  Total core charge density (r-space):         8.0000000664        0.0000000664
  Total charge density (r-space):                                  0.0000011448
  Total charge density (g-space):                                  0.0000011448

  Overlap energy of the core charge distribution:              0.00000008696911
  Self energy of the core charge distribution:               -43.83289054591484
  Core Hamiltonian energy:                                    12.90828425441798
  Hartree energy:                                             17.91028070681674
  Exchange-correlation energy:                                -4.13991959916354
  Total energy:                                              -17.15424509687454

 -------------------------------------------------------------------------------
 -                                                                             -
 -                                T I M I N G                                  -
 -                                                                             -
 -------------------------------------------------------------------------------
 SUBROUTINE                    CALLS  ASD CPU TIME T  PERFORMANCE   ELAPSED TIME
 CP2K                              1  1.0    14.90 I       ---             15.00
 quickstep                         1  2.0    14.90 I       ---             15.00
 qs_energies                       1  3.0    13.37 I       ---             13.44
 scf_env_do_scf                    1  4.0    12.97 I       ---             13.03
 scf_iter                          9  5.0    11.76 I       ---             11.79
 fft_wrap_pw1pw2                 105  8.4    10.36 I       ---             10.39
 build_kohn_sham                   9  7.0     7.73 I       ---              7.73
 qs_ks_update_qs_env               9  6.0     7.73 I       ---              7.73
 fft3d_s                         106  9.4     7.21 I 355.7 Mflops           7.23
 build_kohn_sham_pot               9  8.0     6.09 I       ---              6.08
 calculate_rho_elec               10  6.0     5.21 I       ---              5.22
 integrate_v_rspace                9  9.0     4.09 I       ---              4.10
 build_kohn_sham_energy            9  8.0     1.63 I       ---              1.65
 qs_init                           1  3.0     1.52 I       ---              1.56
 pw_gather                        50  8.5     1.53 I  10.7 Mcopy            1.54
 pw_env_rebuild                    1  4.0     1.46 I       ---              1.46
 pw_grid_setup                     4  5.0     1.23 I       ---              1.23
 pw_scatter                       55 10.3     1.10 I  20.3 Mcopy            1.09
 pw_grid_sort                      4  6.0     0.95 I       ---              0.94
 xc_calculate_pw_new               9 10.0     0.89 I       ---              0.91
 calculate_xc_potential            9  9.0     0.89 I       ---              0.91
 init_scf_run                      1  5.0     0.69 I       ---              0.68
 scf_env_initial_rho_setup         1  6.0     0.69 I       ---              0.68
 hartree                           9  9.0     0.51 I       ---              0.49
 pw_copy                          55  9.5     0.42 I 178.2 Mcopy            0.45
 qs_env_update_s_mstruct           1  4.0     0.40 I       ---              0.41
 calculate_rho_core                1  5.0     0.40 I       ---              0.41
 pw_grid_assign                    4  6.0     0.23 I       ---              0.23
 init_cube_info                    4  5.0     0.22 I       ---              0.23
 pw_sumup                         40  7.0     0.23 I  91.9 Mflops           0.20
 pw_zero                          19  7.9     0.15 I 111.3 Mzero            0.19
 pw_add                            9  9.0     0.19 I  82.0 Mflops           0.16
 rs_pw_transfer                   77  8.4     0.13 I       ---              0.16
 rs_grid_zero                     41  7.0     0.06 I       ---              0.07
 calculate_rho_elec_omp           10  7.0     0.06 I       ---              0.05
 -------------------------------------------------------------------------------

  **** **** ******  **  PROGRAM ENDED AT                Mon Jun 16 20:34:09 2003
 ***** ** ***  *** **   PROGRAM RAN ON                                  mars1-fe
 **    ****   ******    PROGRAM RAN BY                                     fawzi
 ***** **    ** ** **   PROGRAM PROCESS ID                                 38092
  **** **  *******  **  PROGRAM STARTED IN 
                                        /gpfs/home/users.SP4/fawzi/cp2k/tests/QS

